Microchip MPLAB XC8 Compiler V1.38 ()

Linker command line:

-W-3 --edf=C:\Program Files (x86)\Microchip\xc8\v1.38\dat\en_msgs.txt -cs \
  -h+dist/default/production\dht11_interfacing.X.production.sym \
  --cmf=dist/default/production\dht11_interfacing.X.production.cmf -z \
  -Q16F877A -oC:\Users\PSYCHO~1.19\AppData\Local\Temp\s7s4.2 \
  -Mdist/default/production/dht11_interfacing.X.production.map -E1 -ver=XC8 \
  -ASTACK=0110h-016fh -pstack=STACK -ACODE=00h-07FFhx4 -ASTRCODE=00h-01FFFh \
  -ASTRING=00h-0FFhx32 -ACONST=00h-0FFhx32 -AENTRY=00h-0FFhx32 \
  -ACOMMON=070h-07Fh -ABANK0=020h-06Fh -ABANK1=0A0h-0EFh \
  -ABANK2=0110h-016Fh -ABANK3=0190h-01EFh \
  -ARAM=020h-06Fh,0A0h-0EFh,0110h-016Fh,0190h-01EFh \
  -AABS1=020h-07Fh,0A0h-0EFh,0110h-016Fh,0190h-01EFh -ASFR0=00h-01Fh \
  -ASFR1=080h-09Fh -ASFR2=0100h-010Fh -ASFR3=0180h-018Fh \
  -preset_vec=00h,intentry,init,end_init -ppowerup=CODE -pcinit=CODE \
  -pfunctab=CODE -ACONFIG=02007h-02007h -pconfig=CONFIG -DCONFIG=2 \
  -AIDLOC=02000h-02003h -pidloc=IDLOC -DIDLOC=2 -AEEDATA=00h-0FFh/02100h \
  -peeprom_data=EEDATA -DEEDATA=2 -DCODE=2 -DSTRCODE=2 -DSTRING=2 -DCONST=2 \
  -DENTRY=2 -k C:\Users\PSYCHO~1.19\AppData\Local\Temp\s7s4.obj \
  dist/default/production\dht11_interfacing.X.production.obj 

Object code version is 3.11

Machine type is 16F877A



                Name                               Link     Load   Length Selector   Space Scale
C:\Users\PSYCHO~1.19\AppData\Local\Temp\s7s4.obj
                end_init                              0        0        3        0       0
                config                             2007     2007        1     400E       0
dist/default/production\dht11_interfacing.X.production.obj
                cinit                               7F2      7F2        E      FE4       0
                text14                              542      542       59      A84       0
                text13                              4F5      4F5       4D      9EA       0
                text12                              413      413       1A      826       0
                text11                              42D      42D       1B      85A       0
                text10                              46A      46A       40      8D4       0
                text9                               3D6      3D6       13      7AC       0
                text8                               4AA      4AA       4B      954       0
                text7                               3C0      3C0        A      780       0
                text6                               448      448       22      890       0
                text5                               3FC      3FC       17      7F8       0
                text4                               59B      59B       72      B36       0
                text3                               3E9      3E9       13      7D2       0
                text2                               60D      60D       8F      C1A       0
                text1                               3CA      3CA        C      794       0
                maintext                            69C      69C      156      D38       0
                cstackBANK0                          3F       3F        D       20       1
                cstackCOMMON                         70       70        E       70       1
                clrtext                             3B8      3B8        8      770       0
                bssBANK0                             20       20       1F       20       1
                bitbssBANK0                         260       4C        1       20       1     8
                strings                               3        3       90        6       0

TOTAL           Name                               Link     Load   Length     Space
        CLASS   STACK          

        CLASS   CODE           
                end_init                              0        0        3         0
                cinit                               7F2      7F2        E         0
                text14                              542      542       59         0
                text13                              4F5      4F5       4D         0
                text12                              413      413       1A         0
                text11                              42D      42D       1B         0
                text10                              46A      46A       40         0
                text9                               3D6      3D6       13         0
                text8                               4AA      4AA       4B         0
                text7                               3C0      3C0        A         0
                text6                               448      448       22         0
                text5                               3FC      3FC       17         0
                text4                               59B      59B       72         0
                text3                               3E9      3E9       13         0
                text2                               60D      60D       8F         0
                text1                               3CA      3CA        C         0
                maintext                            69C      69C      156         0
                clrtext                             3B8      3B8        8         0

        CLASS   STRCODE        

        CLASS   STRING         
                strings                               3        3       90         0

        CLASS   CONST          

        CLASS   ENTRY          

        CLASS   COMMON         
                cstackCOMMON                         70       70        E         1

        CLASS   BANK0          
                cstackBANK0                          3F       3F        D         1
                bssBANK0                             20       20       1F         1
                bitbssBANK0                         260       4C        1         1

        CLASS   BANK1          

        CLASS   BANK2          

        CLASS   BANK3          

        CLASS   RAM            

        CLASS   ABS1           
                abs_s1                               7E       7E        2         1

        CLASS   SFR0           

        CLASS   SFR1           

        CLASS   SFR2           

        CLASS   SFR3           

        CLASS   CONFIG         
                config                             2007     2007        1         0

        CLASS   IDLOC          

        CLASS   EEDATA         



SEGMENTS        Name                           Load    Length   Top    Selector   Space  Class     Delta

                reset_vec                      000000  000003  000003         0       0  CODE        2
                strings                        000003  000090  000093         6       0  STRING      2
                bssBANK0                       000020  00002D  00004D        20       1  BANK0       1
                cstackCOMMON                   000070  00000E  00007E        70       1  COMMON      1
                clrtext                        0003B8  000008  0003C0       770       0  CODE        2
                text7                          0003C0  00000A  0003CA       780       0  CODE        2
                text1                          0003CA  00000C  0003D6       794       0  CODE        2
                text9                          0003D6  000013  0003E9       7AC       0  CODE        2
                text3                          0003E9  000013  0003FC       7D2       0  CODE        2
                text5                          0003FC  000017  000413       7F8       0  CODE        2
                text12                         000413  00001A  00042D       826       0  CODE        2
                text11                         00042D  00001B  000448       85A       0  CODE        2
                text6                          000448  000022  00046A       890       0  CODE        2
                text10                         00046A  000040  0004AA       8D4       0  CODE        2
                text8                          0004AA  00004B  0004F5       954       0  CODE        2
                text13                         0004F5  00004D  000542       9EA       0  CODE        2
                text14                         000542  000059  00059B       A84       0  CODE        2
                text4                          00059B  000072  00060D       B36       0  CODE        2
                text2                          00060D  00008F  00069C       C1A       0  CODE        2
                maintext                       00069C  000156  0007F2       D38       0  CODE        2
                cinit                          0007F2  00000E  000800       FE4       0  CODE        2
                config                         002007  000001  002008      400E       0  CONFIG      2


UNUSED ADDRESS RANGES

        Name                Unused          Largest block    Delta
        BANK0            004D-006F             23           1
        BANK1            00A0-00EF             50           1
        BANK2            0110-016F             60           1
        BANK3            0190-01EF             60           1
        CODE             0093-03B7            325           2
                         0800-1FFF            800
        CONST            0093-03B7            100           2
                         0800-1FFF            100
        EEDATA           2100-21FF            100           2
        ENTRY            0093-03B7            100           2
                         0800-1FFF            100
        IDLOC            2000-2003              4           2
        RAM              004D-006F             23           1
                         00A0-00EF             50
                         0110-016F             60
                         0190-01EF             60
        SFR0             0000-001F             20           1
        SFR1             0080-009F             20           1
        SFR2             0100-010F             10           1
        SFR3             0180-018F             10           1
        STACK            0110-016F             60           1
        STRCODE          0093-03B7            325           2
                         0800-1FFF           1800
        STRING           0093-03B7            100           2
                         0800-1FFF            100

                                  Symbol Table

?___awdiv                     cstackCOMMON 0070
?___awmod                     cstackCOMMON 0079
TMR0_ISR@CountCallBack        bssBANK0     0034
_Check_bit                    bssBANK0     0036
_Himudity                     bssBANK0     0037
_INTCONbits                   (abs)        000B
_OPTION_REGbits               (abs)        0081
_PORTB                        (abs)        0006
_PORTBbits                    (abs)        0006
_PORTDbits                    (abs)        0008
_RH                           bssBANK0     0038
_RH_byte_1                    bssBANK0     0039
_RH_byte_2                    bssBANK0     003A
_Sumation                     bssBANK0     003B
_TMR0                         (abs)        0001
_TRISB                        (abs)        0086
_TRISDbits                    (abs)        0088
_Temp_byte_1                  bssBANK0     003C
_Temp_byte_2                  bssBANK0     003D
__CFG_BOREN$ON                (abs)        0000
__CFG_CP$OFF                  (abs)        0000
__CFG_CPD$OFF                 (abs)        0000
__CFG_FOSC$HS                 (abs)        0000
__CFG_LVP$OFF                 (abs)        0000
__CFG_PWRTE$ON                (abs)        0000
__CFG_WDTE$OFF                (abs)        0000
__CFG_WRT$OFF                 (abs)        0000
__Habs1                       abs1         0000
__Hbank0                      bank0        0000
__Hbank1                      bank1        0000
__Hbank2                      bank2        0000
__Hbank3                      bank3        0000
__HbitbssBANK0                bitbssBANK0  0000
__HbssBANK0                   bssBANK0     0000
__Hcinit                      cinit        0800
__Hclrtext                    clrtext      0000
__Hcode                       code         0000
__Hcommon                     common       0000
__Hconfig                     config       2008
__HcstackBANK0                cstackBANK0  0000
__HcstackCOMMON               cstackCOMMON 0000
__Heeprom_data                eeprom_data  0000
__Hend_init                   end_init     0003
__Hfunctab                    functab      0000
__Hidloc                      idloc        0000
__Hinit                       init         0000
__Hintentry                   intentry     0000
__Hmaintext                   maintext     0000
__Hpowerup                    powerup      0000
__Hram                        ram          0000
__Hreset_vec                  reset_vec    0000
__Hsfr0                       sfr0         0000
__Hsfr1                       sfr1         0000
__Hsfr2                       sfr2         0000
__Hsfr3                       sfr3         0000
__Hspace_0                    (abs)        2008
__Hspace_1                    (abs)        0261
__Hspace_2                    (abs)        0000
__Hspace_3                    (abs)        0000
__Hstack                      stack        0000
__Hstrings                    strings      0000
__Htext                       text         0000
__Labs1                       abs1         0000
__Lbank0                      bank0        0000
__Lbank1                      bank1        0000
__Lbank2                      bank2        0000
__Lbank3                      bank3        0000
__LbitbssBANK0                bitbssBANK0  0000
__LbssBANK0                   bssBANK0     0000
__Lcinit                      cinit        07F2
__Lclrtext                    clrtext      0000
__Lcode                       code         0000
__Lcommon                     common       0000
__Lconfig                     config       2007
__LcstackBANK0                cstackBANK0  0000
__LcstackCOMMON               cstackCOMMON 0000
__Leeprom_data                eeprom_data  0000
__Lend_init                   end_init     0000
__Lfunctab                    functab      0000
__Lidloc                      idloc        0000
__Linit                       init         0000
__Lintentry                   intentry     0000
__Lmaintext                   maintext     0000
__Lpowerup                    powerup      0000
__Lram                        ram          0000
__Lreset_vec                  reset_vec    0000
__Lsfr0                       sfr0         0000
__Lsfr1                       sfr1         0000
__Lsfr2                       sfr2         0000
__Lsfr3                       sfr3         0000
__Lspace_0                    (abs)        0000
__Lspace_1                    (abs)        0000
__Lspace_2                    (abs)        0000
__Lspace_3                    (abs)        0000
__Lstack                      stack        0000
__Lstrings                    strings      0000
__Ltext                       text         0000
__S0                          (abs)        2008
__S1                          (abs)        007E
__S2                          (abs)        0000
__S3                          (abs)        0000
___awdiv                      text14       0542
___awdiv@counter              cstackCOMMON 0075
___awdiv@dividend             cstackCOMMON 0072
___awdiv@divisor              cstackCOMMON 0070
___awdiv@quotient             cstackCOMMON 0077
___awdiv@sign                 cstackCOMMON 0076
___awmod                      text13       04F5
___awmod@counter              cstackBANK0  003F
___awmod@dividend             cstackCOMMON 007B
___awmod@divisor              cstackCOMMON 0079
___awmod@sign                 cstackBANK0  0040
___int_sp                     stack        0000
___latbits                    (abs)        0002
___sp                         stack        0000
__end_of___awdiv              text14       059B
__end_of___awmod              text13       0542
__end_of__initialization      cinit        07FC
__end_of__stringtab           strings      0009
__end_of_clear_screen         text5        0413
__end_of_delay                text9        03E9
__end_of_dht11_init           text12       042D
__end_of_find_response        text11       0448
__end_of_introduction_screen  text4        060D
__end_of_lcd_com              text8        04F5
__end_of_lcd_data             text7        03CA
__end_of_lcd_init             text2        069C
__end_of_lcd_init_write       text3        03FC
__end_of_lcd_puts             text6        046A
__end_of_main                 maintext     07F2
__end_of_read_dht11           text10       04AA
__end_of_system_init          text1        03D6
__end_of_tmr0_mask            strings      000A
__initialization              cinit        07F2
__pbitbssBANK0                bitbssBANK0  0260
__pbssBANK0                   bssBANK0     0020
__pcstackBANK0                cstackBANK0  003F
__pcstackCOMMON               cstackCOMMON 0070
__pmaintext                   maintext     069C
__pstrings                    strings      0003
__ptext1                      text1        03CA
__ptext10                     text10       046A
__ptext11                     text11       042D
__ptext12                     text12       0413
__ptext13                     text13       04F5
__ptext14                     text14       0542
__ptext2                      text2        060D
__ptext3                      text3        03E9
__ptext4                      text4        059B
__ptext5                      text5        03FC
__ptext6                      text6        0448
__ptext7                      text7        03C0
__ptext8                      text8        04AA
__ptext9                      text9        03D6
__size_of___awdiv             (abs)        0000
__size_of___awmod             (abs)        0000
__size_of_clear_screen        (abs)        0000
__size_of_delay               (abs)        0000
__size_of_dht11_init          (abs)        0000
__size_of_find_response       (abs)        0000
__size_of_introduction_screen (abs)        0000
__size_of_lcd_com             (abs)        0000
__size_of_lcd_data            (abs)        0000
__size_of_lcd_init            (abs)        0000
__size_of_lcd_init_write      (abs)        0000
__size_of_lcd_puts            (abs)        0000
__size_of_main                (abs)        0000
__size_of_read_dht11          (abs)        0000
__size_of_system_init         (abs)        0000
__stringbase                  strings      0008
__stringtab                   strings      0003
_c                            bssBANK0     003E
_clear_screen                 text5        03FC
_delay                        text9        03D6
_dht11_init                   text12       0413
_find_response                text11       042D
_introduction_screen          text4        059B
_lcd_com                      text8        04AA
_lcd_data                     text7        03C0
_lcd_init                     text2        060D
_lcd_init_write               text3        03E9
_lcd_puts                     text6        0448
_main                         maintext     069C
_num                          bssBANK0     0020
_read_dht11                   text10       046A
_status                       bitbssBANK0  0260
_system_init                  text1        03CA
_tmr0_mask                    strings      0009
btemp                         (abs)        007E
clear_ram0                    clrtext      03B8
delay@i                       cstackCOMMON 0072
delay@j                       cstackCOMMON 0070
end_of_initialization         cinit        07FC
intlevel0                     functab      0000
intlevel1                     functab      0000
intlevel2                     functab      0000
intlevel3                     functab      0000
intlevel4                     functab      0000
intlevel5                     functab      0000
lcd_com@a                     cstackCOMMON 0076
lcd_com@temp                  cstackCOMMON 0077
lcd_data@a                    cstackCOMMON 0078
lcd_init_write@a              cstackCOMMON 0074
lcd_puts@i                    cstackCOMMON 0079
lcd_puts@str                  cstackCOMMON 007B
ltemp                         (abs)        007E
ltemp0                        (abs)        007E
ltemp1                        (abs)        0082
ltemp2                        (abs)        0086
ltemp3                        (abs)        0080
read_dht11@data               cstackCOMMON 0072
read_dht11@for_count          cstackCOMMON 0073
reset_vec                     reset_vec    0000
stackhi                       (abs)        0000
stacklo                       (abs)        0000
start                         init         0000
start_initialization          cinit        07F2
ttemp                         (abs)        007E
ttemp0                        (abs)        007E
ttemp1                        (abs)        0081
ttemp2                        (abs)        0084
ttemp3                        (abs)        0087
ttemp4                        (abs)        007F
wtemp                         (abs)        007E
wtemp0                        (abs)        007E
wtemp1                        (abs)        0080
wtemp2                        (abs)        0082
wtemp3                        (abs)        0084
wtemp4                        (abs)        0086
wtemp5                        (abs)        0088
wtemp6                        (abs)        007F


FUNCTION INFORMATION:

 *************** function _main *****************
 Defined at:
		line 43 in file "main.c"
 Parameters:    Size  Location     Type
		None
 Auto vars:     Size  Location     Type
		None
 Return value:  Size  Location     Type
                  1    wreg      void 
 Registers used:
		wreg, fsr0l, fsr0h, status,2, status,0, pclath, cstack
 Tracked objects:
		On entry : 
		On exit  : 
		Unchanged: 
 Data sizes:     COMMON   BANK0   BANK1   BANK3   BANK2
      Params:         0       0       0       0       0
      Locals:         0       0       0       0       0
      Temps:          0      10       0       0       0
      Totals:         0      10       0       0       0
Total ram usage:       10 bytes
 Hardware stack levels required when called:    7
 This function calls:
		___awdiv
		___awmod
		_clear_screen
		_dht11_init
		_find_response
		_lcd_com
		_lcd_data
		_lcd_puts
		_read_dht11
		_system_init
 This function is called by:
		Startup code after reset
 This function uses a non-reentrant model


 *************** function _system_init *****************
 Defined at:
		line 136 in file "main.c"
 Parameters:    Size  Location     Type
		None
 Auto vars:     Size  Location     Type
		None
 Return value:  Size  Location     Type
                  1    wreg      void 
 Registers used:
		wreg, fsr0l, fsr0h, status,2, status,0, pclath, cstack
 Tracked objects:
		On entry : 
		On exit  : 
		Unchanged: 
 Data sizes:     COMMON   BANK0   BANK1   BANK3   BANK2
      Params:         0       0       0       0       0
      Locals:         0       0       0       0       0
      Temps:          0       0       0       0       0
      Totals:         0       0       0       0       0
Total ram usage:        0 bytes
 Hardware stack levels used:    1
 Hardware stack levels required when called:    6
 This function calls:
		_introduction_screen
		_lcd_init
 This function is called by:
		_main
 This function uses a non-reentrant model


 *************** function _lcd_init *****************
 Defined at:
		line 73 in file "supporing_cfile/lcd.c"
 Parameters:    Size  Location     Type
		None
 Auto vars:     Size  Location     Type
		None
 Return value:  Size  Location     Type
                  1    wreg      void 
 Registers used:
		wreg, status,2, status,0, pclath, cstack
 Tracked objects:
		On entry : 
		On exit  : 
		Unchanged: 
 Data sizes:     COMMON   BANK0   BANK1   BANK3   BANK2
      Params:         0       0       0       0       0
      Locals:         0       0       0       0       0
      Temps:          0       0       0       0       0
      Totals:         0       0       0       0       0
Total ram usage:        0 bytes
 Hardware stack levels used:    1
 Hardware stack levels required when called:    2
 This function calls:
		_delay
		_lcd_com
		_lcd_init_write
 This function is called by:
		_system_init
 This function uses a non-reentrant model


 *************** function _lcd_init_write *****************
 Defined at:
		line 29 in file "supporing_cfile/lcd.c"
 Parameters:    Size  Location     Type
  a               1    wreg     unsigned char 
 Auto vars:     Size  Location     Type
  a               1    4[COMMON] unsigned char 
 Return value:  Size  Location     Type
                  1    wreg      void 
 Registers used:
		wreg, status,2, status,0, pclath, cstack
 Tracked objects:
		On entry : 
		On exit  : 
		Unchanged: 
 Data sizes:     COMMON   BANK0   BANK1   BANK3   BANK2
      Params:         0       0       0       0       0
      Locals:         1       0       0       0       0
      Temps:          0       0       0       0       0
      Totals:         1       0       0       0       0
Total ram usage:        1 bytes
 Hardware stack levels used:    1
 Hardware stack levels required when called:    1
 This function calls:
		_delay
 This function is called by:
		_lcd_init
 This function uses a non-reentrant model


 *************** function _introduction_screen *****************
 Defined at:
		line 159 in file "main.c"
 Parameters:    Size  Location     Type
		None
 Auto vars:     Size  Location     Type
		None
 Return value:  Size  Location     Type
                  1    wreg      void 
 Registers used:
		wreg, fsr0l, fsr0h, status,2, status,0, pclath, cstack
 Tracked objects:
		On entry : 
		On exit  : 
		Unchanged: 
 Data sizes:     COMMON   BANK0   BANK1   BANK3   BANK2
      Params:         0       0       0       0       0
      Locals:         0       0       0       0       0
      Temps:          0       3       0       0       0
      Totals:         0       3       0       0       0
Total ram usage:        3 bytes
 Hardware stack levels used:    1
 Hardware stack levels required when called:    5
 This function calls:
		_clear_screen
		_lcd_com
		_lcd_puts
 This function is called by:
		_system_init
 This function uses a non-reentrant model


 *************** function _clear_screen *****************
 Defined at:
		line 147 in file "main.c"
 Parameters:    Size  Location     Type
		None
 Auto vars:     Size  Location     Type
		None
 Return value:  Size  Location     Type
                  1    wreg      void 
 Registers used:
		wreg, fsr0l, fsr0h, status,2, status,0, pclath, cstack
 Tracked objects:
		On entry : 
		On exit  : 
		Unchanged: 
 Data sizes:     COMMON   BANK0   BANK1   BANK3   BANK2
      Params:         0       0       0       0       0
      Locals:         0       0       0       0       0
      Temps:          0       0       0       0       0
      Totals:         0       0       0       0       0
Total ram usage:        0 bytes
 Hardware stack levels used:    1
 Hardware stack levels required when called:    4
 This function calls:
		_lcd_com
		_lcd_puts
 This function is called by:
		_main
		_introduction_screen
 This function uses a non-reentrant model


 *************** function _lcd_puts *****************
 Defined at:
		line 96 in file "supporing_cfile/lcd.c"
 Parameters:    Size  Location     Type
  str             1    wreg     PTR unsigned char 
		 -> STR_13(16), STR_12(13), STR_11(15), STR_10(11), 
		 -> STR_9(17), STR_8(17), STR_7(13), STR_6(9), 
		 -> STR_5(16), STR_4(4), STR_3(11), STR_2(5), 
		 -> STR_1(7), 
 Auto vars:     Size  Location     Type
  str             1   11[COMMON] PTR unsigned char 
		 -> STR_13(16), STR_12(13), STR_11(15), STR_10(11), 
		 -> STR_9(17), STR_8(17), STR_7(13), STR_6(9), 
		 -> STR_5(16), STR_4(4), STR_3(11), STR_2(5), 
		 -> STR_1(7), 
  i               2    9[COMMON] unsigned int 
 Return value:  Size  Location     Type
                  1    wreg      void 
 Registers used:
		wreg, fsr0l, fsr0h, status,2, status,0, pclath, cstack
 Tracked objects:
		On entry : 
		On exit  : 
		Unchanged: 
 Data sizes:     COMMON   BANK0   BANK1   BANK3   BANK2
      Params:         0       0       0       0       0
      Locals:         3       0       0       0       0
      Temps:          0       0       0       0       0
      Totals:         3       0       0       0       0
Total ram usage:        3 bytes
 Hardware stack levels used:    1
 Hardware stack levels required when called:    3
 This function calls:
		_lcd_data
 This function is called by:
		_main
		_clear_screen
		_introduction_screen
 This function uses a non-reentrant model


 *************** function _lcd_data *****************
 Defined at:
		line 67 in file "supporing_cfile/lcd.c"
 Parameters:    Size  Location     Type
  a               1    wreg     unsigned char 
 Auto vars:     Size  Location     Type
  a               1    8[COMMON] unsigned char 
 Return value:  Size  Location     Type
                  1    wreg      void 
 Registers used:
		wreg, status,2, status,0, pclath, cstack
 Tracked objects:
		On entry : 
		On exit  : 
		Unchanged: 
 Data sizes:     COMMON   BANK0   BANK1   BANK3   BANK2
      Params:         0       0       0       0       0
      Locals:         1       0       0       0       0
      Temps:          0       0       0       0       0
      Totals:         1       0       0       0       0
Total ram usage:        1 bytes
 Hardware stack levels used:    1
 Hardware stack levels required when called:    2
 This function calls:
		_lcd_com
 This function is called by:
		_main
		_lcd_puts
		_hex2lcd
		_LCD_ScrollMessage
		_lcd_print_number
 This function uses a non-reentrant model


 *************** function _lcd_com *****************
 Defined at:
		line 40 in file "supporing_cfile/lcd.c"
 Parameters:    Size  Location     Type
  a               1    wreg     unsigned char 
 Auto vars:     Size  Location     Type
  a               1    6[COMMON] unsigned char 
  temp            1    7[COMMON] unsigned char 
 Return value:  Size  Location     Type
                  1    wreg      void 
 Registers used:
		wreg, status,2, status,0, pclath, cstack
 Tracked objects:
		On entry : 
		On exit  : 
		Unchanged: 
 Data sizes:     COMMON   BANK0   BANK1   BANK3   BANK2
      Params:         0       0       0       0       0
      Locals:         2       0       0       0       0
      Temps:          2       0       0       0       0
      Totals:         4       0       0       0       0
Total ram usage:        4 bytes
 Hardware stack levels used:    1
 Hardware stack levels required when called:    1
 This function calls:
		_delay
 This function is called by:
		_main
		_clear_screen
		_introduction_screen
		_lcd_data
		_lcd_init
		_LCD_ScrollMessage
 This function uses a non-reentrant model


 *************** function _delay *****************
 Defined at:
		line 23 in file "supporing_cfile/lcd.c"
 Parameters:    Size  Location     Type
  j               2    0[COMMON] unsigned int 
 Auto vars:     Size  Location     Type
  i               2    2[COMMON] unsigned int 
 Return value:  Size  Location     Type
                  1    wreg      void 
 Registers used:
		wreg, status,2
 Tracked objects:
		On entry : 
		On exit  : 
		Unchanged: 
 Data sizes:     COMMON   BANK0   BANK1   BANK3   BANK2
      Params:         2       0       0       0       0
      Locals:         2       0       0       0       0
      Temps:          0       0       0       0       0
      Totals:         4       0       0       0       0
Total ram usage:        4 bytes
 Hardware stack levels used:    1
 This function calls:
		Nothing
 This function is called by:
		_lcd_init_write
		_lcd_com
		_lcd_init
		_LCD_ScrollMessage
 This function uses a non-reentrant model


 *************** function _read_dht11 *****************
 Defined at:
		line 120 in file "main.c"
 Parameters:    Size  Location     Type
		None
 Auto vars:     Size  Location     Type
  for_count       1    3[COMMON] unsigned char 
  data            1    2[COMMON] unsigned char 
 Return value:  Size  Location     Type
                  1    wreg      unsigned char 
 Registers used:
		wreg, status,2, status,0
 Tracked objects:
		On entry : 
		On exit  : 
		Unchanged: 
 Data sizes:     COMMON   BANK0   BANK1   BANK3   BANK2
      Params:         0       0       0       0       0
      Locals:         2       0       0       0       0
      Temps:          2       0       0       0       0
      Totals:         4       0       0       0       0
Total ram usage:        4 bytes
 Hardware stack levels used:    1
 This function calls:
		Nothing
 This function is called by:
		_main
 This function uses a non-reentrant model


 *************** function _find_response *****************
 Defined at:
		line 105 in file "main.c"
 Parameters:    Size  Location     Type
		None
 Auto vars:     Size  Location     Type
		None
 Return value:  Size  Location     Type
                  1    wreg      void 
 Registers used:
		wreg, status,2
 Tracked objects:
		On entry : 
		On exit  : 
		Unchanged: 
 Data sizes:     COMMON   BANK0   BANK1   BANK3   BANK2
      Params:         0       0       0       0       0
      Locals:         0       0       0       0       0
      Temps:          1       0       0       0       0
      Totals:         1       0       0       0       0
Total ram usage:        1 bytes
 Hardware stack levels used:    1
 This function calls:
		Nothing
 This function is called by:
		_main
 This function uses a non-reentrant model


 *************** function _dht11_init *****************
 Defined at:
		line 92 in file "main.c"
 Parameters:    Size  Location     Type
		None
 Auto vars:     Size  Location     Type
		None
 Return value:  Size  Location     Type
                  1    wreg      void 
 Registers used:
		wreg
 Tracked objects:
		On entry : 
		On exit  : 
		Unchanged: 
 Data sizes:     COMMON   BANK0   BANK1   BANK3   BANK2
      Params:         0       0       0       0       0
      Locals:         0       0       0       0       0
      Temps:          2       0       0       0       0
      Totals:         2       0       0       0       0
Total ram usage:        2 bytes
 Hardware stack levels used:    1
 This function calls:
		Nothing
 This function is called by:
		_main
 This function uses a non-reentrant model


 *************** function ___awmod *****************
 Defined at:
		line 6 in file "C:\Program Files (x86)\Microchip\xc8\v1.38\sources\common\awmod.c"
 Parameters:    Size  Location     Type
  divisor         2    9[COMMON] int 
  dividend        2   11[COMMON] int 
 Auto vars:     Size  Location     Type
  sign            1    1[BANK0 ] unsigned char 
  counter         1    0[BANK0 ] unsigned char 
 Return value:  Size  Location     Type
                  2    9[COMMON] int 
 Registers used:
		wreg, status,2, status,0
 Tracked objects:
		On entry : 
		On exit  : 
		Unchanged: 
 Data sizes:     COMMON   BANK0   BANK1   BANK3   BANK2
      Params:         4       0       0       0       0
      Locals:         0       2       0       0       0
      Temps:          1       0       0       0       0
      Totals:         5       2       0       0       0
Total ram usage:        7 bytes
 Hardware stack levels used:    1
 This function calls:
		Nothing
 This function is called by:
		_main
 This function uses a non-reentrant model


 *************** function ___awdiv *****************
 Defined at:
		line 6 in file "C:\Program Files (x86)\Microchip\xc8\v1.38\sources\common\awdiv.c"
 Parameters:    Size  Location     Type
  divisor         2    0[COMMON] int 
  dividend        2    2[COMMON] int 
 Auto vars:     Size  Location     Type
  quotient        2    7[COMMON] int 
  sign            1    6[COMMON] unsigned char 
  counter         1    5[COMMON] unsigned char 
 Return value:  Size  Location     Type
                  2    0[COMMON] int 
 Registers used:
		wreg, status,2, status,0
 Tracked objects:
		On entry : 
		On exit  : 
		Unchanged: 
 Data sizes:     COMMON   BANK0   BANK1   BANK3   BANK2
      Params:         4       0       0       0       0
      Locals:         4       0       0       0       0
      Temps:          1       0       0       0       0
      Totals:         9       0       0       0       0
Total ram usage:        9 bytes
 Hardware stack levels used:    1
 This function calls:
		Nothing
 This function is called by:
		_main
 This function uses a non-reentrant model



MODULE INFORMATION

Module		Function		Class		Link	Load	Size
C:\Program Files (x86)\Microchip\xc8\v1.38\sources\common\awmod.c
		___awmod       		CODE           	04F5	0000	78

C:\Program Files (x86)\Microchip\xc8\v1.38\sources\common\awmod.c estimated size: 78

C:\Program Files (x86)\Microchip\xc8\v1.38\sources\common\awdiv.c
		___awdiv       		CODE           	0542	0000	90

C:\Program Files (x86)\Microchip\xc8\v1.38\sources\common\awdiv.c estimated size: 90

shared
		__stringtab    		STRING         	0003	0000	7
		_tmr0_mask     		STRING         	0009	0000	2
		__initialization		CODE           	07F2	0000	11

shared estimated size: 20

supporing_cfile/lcd.c
		_lcd_com       		CODE           	04AA	0000	76
		_delay         		CODE           	03D6	0000	20
		_lcd_puts      		CODE           	0448	0000	35
		_lcd_data      		CODE           	03C0	0000	11
		_lcd_init_write		CODE           	03E9	0000	20
		_lcd_init      		CODE           	060D	0000	144

supporing_cfile/lcd.c estimated size: 306

main.c
		_system_init   		CODE           	03CA	0000	13
		_main          		CODE           	069C	0000	343
		_introduction_screen		CODE           	059B	0000	115
		_read_dht11    		CODE           	046A	0000	65
		_clear_screen  		CODE           	03FC	0000	24
		_find_response 		CODE           	042D	0000	28
		_dht11_init    		CODE           	0413	0000	27

main.c estimated size: 615

